==1319796== Memcheck, a memory error detector
==1319796== Copyright (C) 2002-2017, and GNU GPL'd, by Julian Seward et al.
==1319796== Using Valgrind-3.16.0 and LibVEX; rerun with -h for copyright info
==1319796== Command: ./puzzletest
==1319796== 
Too many lines in source file.
Too few lines in source file.
Too many entries in line 0.
Too few entries in line 0.
Puzzle file has two consecutive digits.
Non-digit, non-space character in puzzle file.
Puzzle is null or row/column out of bounds.
Puzzle is null or row/column out of bounds.
Puzzle is null or row/column out of bounds.
Puzzle is null or row/column out of bounds.
Puzzle is null or row/column out of bounds.
Puzzle is null or row/column/value out of bounds.
Puzzle is null or row/column/value out of bounds.
Puzzle is null or row/column/value out of bounds.
Puzzle is null or row/column/value out of bounds.
Puzzle is null or row/column/value out of bounds.
Puzzle is null or row/column/value out of bounds.
Puzzle is null or row/column/value out of bounds.
Puzzle NULL error handled.
Row OOB error handled.
Row OOB error handled.
Column OOB error handled.
Column OOB error handled.
Successfully got Tile.
Succesfully set tile.
Puzzle is valid.
Recognized issue with puzzle validity.
Valid subfunctions work.
puzzleValidTile and accompanying functions work.
checkPossible works.
puzzleSolved works.
Empty:
0 0 0 0 0 0 0 0 0
0 0 0 0 0 0 0 0 0
0 0 0 0 0 0 0 0 0
0 0 0 0 0 0 0 0 0
0 0 0 0 0 0 0 0 0
0 0 0 0 0 0 0 0 0
0 0 0 0 0 0 0 0 0
0 0 0 0 0 0 0 0 0
0 0 0 0 0 0 0 0 0
Regular:
5 3 0 0 7 0 0 0 0
6 0 0 1 9 5 0 0 0
0 9 8 0 0 0 0 6 0
8 0 0 0 6 0 0 0 3
4 0 0 8 0 3 0 0 1
7 0 0 0 2 0 0 0 6
0 6 0 0 0 0 2 8 0
0 0 0 4 1 9 0 0 5
0 0 0 0 8 0 0 7 9
Solved:
5 3 4 6 7 8 9 1 2
6 7 2 1 9 5 3 4 8
1 9 8 3 4 2 5 6 7
8 5 9 7 6 1 4 2 3
4 2 6 8 5 3 7 9 1
7 1 3 9 2 4 8 5 6
9 6 1 5 3 7 2 8 4
2 8 7 4 1 9 6 3 5
3 4 5 2 8 6 1 7 9
Whitespace:
5 3 0 0 7 0 0 0 0
6 0 0 1 9 5 0 0 0
0 9 8 0 0 0 0 6 0
8 0 0 0 6 0 0 0 3
4 0 0 8 0 3 0 0 1
7 0 0 0 2 0 0 0 6
0 6 0 0 0 0 2 8 0
0 0 0 4 1 9 0 0 5
0 0 0 0 8 0 0 7 9
==1319796== 
==1319796== HEAP SUMMARY:
==1319796==     in use at exit: 0 bytes in 0 blocks
==1319796==   total heap usage: 154 allocs, 154 frees, 93,694 bytes allocated
==1319796== 
==1319796== All heap blocks were freed -- no leaks are possible
==1319796== 
==1319796== For lists of detected and suppressed errors, rerun with: -s
==1319796== ERROR SUMMARY: 0 errors from 0 contexts (suppressed: 0 from 0)
